// Jest Snapshot v1, https://goo.gl/fbAQLP

exports[`<Page /> Should render correctly 1`] = `
<div
  className="up-app"
>
  <div
    className="up-container"
  >
    <img
      alt="Loading"
      className="up-photo"
    />
    <br />
    <span
      className="up-username"
      title="Visit undefined's profile"
    >
      
    </span>
    <br />
    <i
      className="fas fa-users"
    />
    <span
      className="up-followcount black"
      title="undefined followers"
    />
    <i
      className="fas fa-headphones-alt"
    />
    <span
      className="up-trackcount black"
      title="undefined tracks"
    />
    <br />
    <button
      className="up-button up-following"
      onClick={[Function]}
      tabIndex="0"
      title="following"
      type="button"
    >
      following
    </button>
    <br />
    <div
      id="up-report-sign"
    >
      <i
        className="far fa-flag"
      />
      <button
        className="up-report-button black"
        onClick={[Function]}
        onKeyDown={[Function]}
        type="button"
      >
        Report
      </button>
    </div>
  </div>
  <div
    className="utd-wrapper"
  >
    <div
      className="utd-panel utd-show "
    >
      <p
        className="utd"
      >
        
      </p>
      <div
        className="utd-hash"
      >
        
      </div>
    </div>
    <div
      className="up-fade-show"
    />
    <br />
    <div
      className="utd-button-div"
    >
      <button
        className="utd-toggle"
        onClick={[Function]}
        onKeyDown={[Function]}
        type="button"
      >
        Show More v
      </button>
    </div>
  </div>
  <div
    className="up-display-none"
  >
    <div
      className="up-modal"
    >
      <section
        style={
          Object {
            "margin": "4px",
          }
        }
      >
        <h1
          style={
            Object {
              "margin": "10px",
            }
          }
        >
           Report Track For 
        </h1>
        <hr
          style={
            Object {
              "margin": "10px",
            }
          }
        />
        <ul>
          <li
            className="black"
          >
            Copyright Infringement
          </li>
          <li
            className="black"
          >
            Privacy Violation
          </li>
          <li
            className="black"
          >
            Pornographic Content
          </li>
          <li
            className="black"
          >
            Abuse
          </li>
          <li
            className="black"
          >
            Hate Speech
          </li>
          <li
            className="black"
          >
             Illegal Content
          </li>
          <li
            className="black"
          >
            Other
          </li>
        </ul>
        <h3>
           Disclaimer: 
        </h3>
        <p>
          Reported tracks are reviewed by a specialist team who take action if the content violates our Guidelines or Terms. Repeat violation or serious breaches can result in the permanent deletion of accounts. 
        </p>
        <button
          onClick={[Function]}
          type="button"
        >
           Close Out 
        </button>
      </section>
    </div>
  </div>
</div>
`;
