// Jest Snapshot v1, https://goo.gl/fbAQLP

exports[`<ReportPage /> Should render correctly 1`] = `
<div
  className="up-modalWrapper up-display-none"
>
  <div
    className="up-modal"
  >
    <section
      className="up-modal-report"
    >
      <h1>
         Report Track For 
      </h1>
      <br />
      <ul>
        <li>
          <a
            href="www.google.com"
          >
             Copyright infringement 
          </a>
        </li>
        <br />
        <li>
          <a
            href="www.google.com"
          >
             Privacy Violation 
          </a>
        </li>
        <br />
        <li>
          <a
            href="www.google.com"
          >
             Pornographic Content 
          </a>
        </li>
        <br />
        <li>
          <a
            href="www.google.com"
          >
             Abuse 
          </a>
        </li>
        <br />
        <li>
          <a
            href="www.google.com"
          >
             Hate Speech 
          </a>
        </li>
        <br />
        <li>
          <a
            href="www.google.com"
          >
             Illegal Content 
          </a>
        </li>
        <br />
        <li>
          <a
            href="www.google.com"
          >
             Other 
          </a>
        </li>
      </ul>
    </section>
    <button
      className="up-close"
      type="button"
    >
       X 
    </button>
  </div>
</div>
`;
