// Jest Snapshot v1, https://goo.gl/fbAQLP

exports[`<UserProfile /> Should render correctly if no userData is passed 1`] = `
<div
  className="up-container"
>
  <img
    alt="Loading"
    className="up-photo"
  />
  <br />
  <span
    className="up-username"
    title="Visit undefined's profile"
  >
    
  </span>
  <br />
  <i
    className="fas fa-users"
  />
  <span
    className="up-followcount black"
    title="undefined followers"
  />
  <i
    className="fas fa-headphones-alt"
  />
  <span
    className="up-trackcount black"
    title="undefined tracks"
  />
  <br />
  <button
    className="up-button up-follow"
    onClick={[Function]}
    title="follow"
    type="button"
  >
    follow
  </button>
  <br />
  <div
    id="up-report-sign"
  >
    <i
      className="far fa-flag"
    />
    <button
      className="up-report-button black"
      onClick={[Function]}
      type="button"
    >
      Report
    </button>
  </div>
</div>
`;
